
==========================================================================
resizer pre check_setup
--------------------------------------------------------------------------
0

==========================================================================
resizer pre report_tns
--------------------------------------------------------------------------
tns -34271.40

==========================================================================
resizer pre report_wns
--------------------------------------------------------------------------
wns -24.18

==========================================================================
resizer pre report_worst_slack
--------------------------------------------------------------------------
worst slack -24.18

==========================================================================
resizer pre report_checks -path_delay min
--------------------------------------------------------------------------
Startpoint: mux_I.p01_I.tt_um_I.rst_n_i$_DFF_PN0_
            (rising edge-triggered flip-flop clocked by core_clock)
Endpoint: mux_I.p01_I.tt_um_I.cnt[6]$_DFF_PN0_
          (removal check against rising-edge clock core_clock)
Path Group: asynchronous
Path Type: min

Fanout     Cap    Slew   Delay    Time   Description
-----------------------------------------------------------------------------
                  0.00    0.00    0.00   clock core_clock (rise edge)
                          0.00    0.00   clock network delay (ideal)
                  0.00    0.00    0.00 ^ mux_I.p01_I.tt_um_I.rst_n_i$_DFF_PN0_/CLK (sg13g2_dfrbp_1)
     8    0.05    0.23    0.33    0.33 ^ mux_I.p01_I.tt_um_I.rst_n_i$_DFF_PN0_/Q (sg13g2_dfrbp_1)
                                         mux_I.p01_I.tt_um_I.rst_n_i (net)
                  0.23    0.00    0.33 ^ mux_I.p01_I.tt_um_I.cnt[6]$_DFF_PN0_/RESET_B (sg13g2_dfrbp_1)
                                  0.33   data arrival time

                  0.00    0.00    0.00   clock core_clock (rise edge)
                          0.00    0.00   clock network delay (ideal)
                          0.00    0.00   clock reconvergence pessimism
                                  0.00 ^ mux_I.p01_I.tt_um_I.cnt[6]$_DFF_PN0_/CLK (sg13g2_dfrbp_1)
                         -0.17   -0.17   library removal time
                                 -0.17   data required time
-----------------------------------------------------------------------------
                                 -0.17   data required time
                                 -0.33   data arrival time
-----------------------------------------------------------------------------
                                  0.50   slack (MET)


Startpoint: addr[2] (input port clocked by core_clock)
Endpoint: _213857_ (rising clock gating-check end-point clocked by core_clock)
Path Group: gated clock
Path Type: min

Fanout     Cap    Slew   Delay    Time   Description
-----------------------------------------------------------------------------
                  0.00    0.00    0.00   clock core_clock (rise edge)
                          0.00    0.00   clock network delay (ideal)
                          2.08    2.08 v input external delay
     8    0.03    0.00    0.00    2.08 v addr[2] (in)
                                         addr[2] (net)
                  0.00    0.00    2.08 v _115054_/A (sg13g2_nand2_1)
     6    0.02    0.08    0.07    2.15 ^ _115054_/Y (sg13g2_nand2_1)
                                         _030779_ (net)
                  0.08    0.00    2.15 ^ _213853_/A (sg13g2_nor2_1)
     7    0.02    0.08    0.10    2.25 v _213853_/Y (sg13g2_nor2_1)
                                         _025327_ (net)
                  0.08    0.00    2.25 v _213857_/B (sg13g2_and2_1)
                                  2.25   data arrival time

                  0.00    5.20    5.20   clock core_clock (fall edge)
                          0.00    5.20   clock network delay (ideal)
                          0.00    5.20   clock reconvergence pessimism
                                  5.20 v _213857_/A (sg13g2_and2_1)
                          0.00    5.20   clock gating hold time
                                  5.20   data required time
-----------------------------------------------------------------------------
                                  5.20   data required time
                                 -2.25   data arrival time
-----------------------------------------------------------------------------
                                 -2.95   slack (VIOLATED)


Startpoint: mux_I.p01_I.tt_um_I.cnt[0]$_DFF_PN0_
            (rising edge-triggered flip-flop clocked by core_clock)
Endpoint: mux_I.p01_I.tt_um_I.cnt[0]$_DFF_PN0_
          (rising edge-triggered flip-flop clocked by core_clock)
Path Group: core_clock
Path Type: min

Fanout     Cap    Slew   Delay    Time   Description
-----------------------------------------------------------------------------
                  0.00    0.00    0.00   clock core_clock (rise edge)
                          0.00    0.00   clock network delay (ideal)
                  0.00    0.00    0.00 ^ mux_I.p01_I.tt_um_I.cnt[0]$_DFF_PN0_/CLK (sg13g2_dfrbp_1)
     1    0.00    0.03    0.14    0.14 v mux_I.p01_I.tt_um_I.cnt[0]$_DFF_PN0_/Q_N (sg13g2_dfrbp_1)
                                         _105368_ (net)
                  0.03    0.00    0.14 v mux_I.p01_I.tt_um_I.cnt[0]$_DFF_PN0_/D (sg13g2_dfrbp_1)
                                  0.14   data arrival time

                  0.00    0.00    0.00   clock core_clock (rise edge)
                          0.00    0.00   clock network delay (ideal)
                          0.00    0.00   clock reconvergence pessimism
                                  0.00 ^ mux_I.p01_I.tt_um_I.cnt[0]$_DFF_PN0_/CLK (sg13g2_dfrbp_1)
                         -0.03   -0.03   library hold time
                                 -0.03   data required time
-----------------------------------------------------------------------------
                                 -0.03   data required time
                                 -0.14   data arrival time
-----------------------------------------------------------------------------
                                  0.17   slack (MET)



==========================================================================
resizer pre report_checks -path_delay max
--------------------------------------------------------------------------
Startpoint: addr[3] (input port clocked by core_clock)
Endpoint: mux_I.p09_I.tt_um_I.breakout.block_state.state[111]$_DFFE_PN0P_
          (recovery check against rising-edge clock core_clock)
Path Group: asynchronous
Path Type: max

Fanout     Cap    Slew   Delay    Time   Description
-----------------------------------------------------------------------------
                  0.00    0.00    0.00   clock core_clock (rise edge)
                          0.00    0.00   clock network delay (ideal)
                          2.08    2.08 ^ input external delay
     6    0.03    0.00    0.00    2.08 ^ addr[3] (in)
                                         addr[3] (net)
                  0.00    0.00    2.08 ^ _111980_/B_N (sg13g2_nor2b_1)
     4    0.01    0.11    0.12    2.20 ^ _111980_/Y (sg13g2_nor2b_1)
                                         _027769_ (net)
                  0.11    0.00    2.20 ^ _112390_/B_N (sg13g2_nor2b_1)
     2    0.01    0.07    0.14    2.34 ^ _112390_/Y (sg13g2_nor2b_1)
                                         _028177_ (net)
                  0.07    0.00    2.34 ^ _210034_/A (sg13g2_nand2_1)
    11    0.04    0.24    0.22    2.56 v _210034_/Y (sg13g2_nand2_1)
                                         _021660_ (net)
                  0.24    0.00    2.56 v _210039_/B (sg13g2_nor2_1)
   400    2.71   21.88   15.70   18.27 ^ _210039_/Y (sg13g2_nor2_1)
                                         mux_I.p09_I.rst_n (net)
                 21.88    0.04   18.31 ^ mux_I.p09_I.tt_um_I.breakout.block_state.state[111]$_DFFE_PN0P_/RESET_B (sg13g2_dfrbp_1)
                                 18.31   data arrival time

                  0.00   10.40   10.40   clock core_clock (rise edge)
                          0.00   10.40   clock network delay (ideal)
                          0.00   10.40   clock reconvergence pessimism
                                 10.40 ^ mux_I.p09_I.tt_um_I.breakout.block_state.state[111]$_DFFE_PN0P_/CLK (sg13g2_dfrbp_1)
                         -3.46    6.94   library recovery time
                                  6.94   data required time
-----------------------------------------------------------------------------
                                  6.94   data required time
                                -18.31   data arrival time
-----------------------------------------------------------------------------
                                -11.36   slack (VIOLATED)


Startpoint: addr[2] (input port clocked by core_clock)
Endpoint: _213902_ (rising clock gating-check end-point clocked by core_clock)
Path Group: gated clock
Path Type: max

Fanout     Cap    Slew   Delay    Time   Description
-----------------------------------------------------------------------------
                  0.00    0.00    0.00   clock core_clock (rise edge)
                          0.00    0.00   clock network delay (ideal)
                          2.08    2.08 ^ input external delay
     8    0.03    0.00    0.00    2.08 ^ addr[2] (in)
                                         addr[2] (net)
                  0.00    0.00    2.08 ^ _144594_/B_N (sg13g2_nor2b_1)
     4    0.01    0.12    0.13    2.21 ^ _144594_/Y (sg13g2_nor2b_1)
                                         _057942_ (net)
                  0.12    0.00    2.21 ^ _144596_/B (sg13g2_nand2_1)
    15    0.06    0.34    0.31    2.52 v _144596_/Y (sg13g2_nand2_1)
                                         _057944_ (net)
                  0.34    0.00    2.52 v _146159_/B (sg13g2_nor2_1)
    30    0.13    1.08    0.92    3.44 ^ _146159_/Y (sg13g2_nor2_1)
                                         _059428_ (net)
                  1.08    0.00    3.45 ^ _213902_/B (sg13g2_and2_1)
                                  3.45   data arrival time

                  0.00   10.40   10.40   clock core_clock (rise edge)
                          0.00   10.40   clock network delay (ideal)
                          0.00   10.40   clock reconvergence pessimism
                                 10.40 ^ _213902_/A (sg13g2_and2_1)
                          0.00   10.40   clock gating setup time
                                 10.40   data required time
-----------------------------------------------------------------------------
                                 10.40   data required time
                                 -3.45   data arrival time
-----------------------------------------------------------------------------
                                  6.95   slack (MET)


Startpoint: mux_I.p22_I.tt_um_I.shapi.blockproc_initBufferReady$_SDFFE_PP0N_
            (rising edge-triggered flip-flop clocked by core_clock)
Endpoint: mux_I.p22_I.tt_um_I.shapi.blockproc.t1.wt.wt_buf[498]$_SDFFE_PN0P_
          (rising edge-triggered flip-flop clocked by core_clock)
Path Group: core_clock
Path Type: max

Fanout     Cap    Slew   Delay    Time   Description
-----------------------------------------------------------------------------
                  0.00    0.00    0.00   clock core_clock (rise edge)
                          0.00    0.00   clock network delay (ideal)
                  0.00    0.00    0.00 ^ mux_I.p22_I.tt_um_I.shapi.blockproc_initBufferReady$_SDFFE_PP0N_/CLK (sg13g2_dfrbp_1)
  1089    3.47   13.88    9.76    9.76 ^ mux_I.p22_I.tt_um_I.shapi.blockproc_initBufferReady$_SDFFE_PP0N_/Q (sg13g2_dfrbp_1)
                                         mux_I.p22_I.tt_um_I.shapi.blockproc_initBufferReady (net)
                 13.88    0.00    9.76 ^ _162873_/A (sg13g2_inv_1)
     3    0.01    1.35    0.93   10.69 v _162873_/Y (sg13g2_inv_1)
                                         _074474_ (net)
                  1.35    0.00   10.69 v _165636_/A1 (sg13g2_a21oi_1)
  1024    3.54   28.64   20.93   31.63 ^ _165636_/Y (sg13g2_a21oi_1)
                                         _077196_ (net)
                 28.64    0.07   31.69 ^ _169899_/A1 (sg13g2_a22oi_1)
     1    0.00    2.48    2.25   33.95 v _169899_/Y (sg13g2_a22oi_1)
                                         _080961_ (net)
                  2.48    0.00   33.95 v mux_I.p22_I.tt_um_I.shapi.blockproc.t1.wt.wt_buf[498]$_SDFFE_PN0P_/D (sg13g2_dfrbp_1)
                                 33.95   data arrival time

                  0.00   10.40   10.40   clock core_clock (rise edge)
                          0.00   10.40   clock network delay (ideal)
                          0.00   10.40   clock reconvergence pessimism
                                 10.40 ^ mux_I.p22_I.tt_um_I.shapi.blockproc.t1.wt.wt_buf[498]$_SDFFE_PN0P_/CLK (sg13g2_dfrbp_1)
                         -0.64    9.76   library setup time
                                  9.76   data required time
-----------------------------------------------------------------------------
                                  9.76   data required time
                                -33.95   data arrival time
-----------------------------------------------------------------------------
                                -24.18   slack (VIOLATED)



==========================================================================
resizer pre report_checks -unconstrained
--------------------------------------------------------------------------
Startpoint: addr[3] (input port clocked by core_clock)
Endpoint: mux_I.p09_I.tt_um_I.breakout.block_state.state[111]$_DFFE_PN0P_
          (recovery check against rising-edge clock core_clock)
Path Group: asynchronous
Path Type: max

Fanout     Cap    Slew   Delay    Time   Description
-----------------------------------------------------------------------------
                  0.00    0.00    0.00   clock core_clock (rise edge)
                          0.00    0.00   clock network delay (ideal)
                          2.08    2.08 ^ input external delay
     6    0.03    0.00    0.00    2.08 ^ addr[3] (in)
                                         addr[3] (net)
                  0.00    0.00    2.08 ^ _111980_/B_N (sg13g2_nor2b_1)
     4    0.01    0.11    0.12    2.20 ^ _111980_/Y (sg13g2_nor2b_1)
                                         _027769_ (net)
                  0.11    0.00    2.20 ^ _112390_/B_N (sg13g2_nor2b_1)
     2    0.01    0.07    0.14    2.34 ^ _112390_/Y (sg13g2_nor2b_1)
                                         _028177_ (net)
                  0.07    0.00    2.34 ^ _210034_/A (sg13g2_nand2_1)
    11    0.04    0.24    0.22    2.56 v _210034_/Y (sg13g2_nand2_1)
                                         _021660_ (net)
                  0.24    0.00    2.56 v _210039_/B (sg13g2_nor2_1)
   400    2.71   21.88   15.70   18.27 ^ _210039_/Y (sg13g2_nor2_1)
                                         mux_I.p09_I.rst_n (net)
                 21.88    0.04   18.31 ^ mux_I.p09_I.tt_um_I.breakout.block_state.state[111]$_DFFE_PN0P_/RESET_B (sg13g2_dfrbp_1)
                                 18.31   data arrival time

                  0.00   10.40   10.40   clock core_clock (rise edge)
                          0.00   10.40   clock network delay (ideal)
                          0.00   10.40   clock reconvergence pessimism
                                 10.40 ^ mux_I.p09_I.tt_um_I.breakout.block_state.state[111]$_DFFE_PN0P_/CLK (sg13g2_dfrbp_1)
                         -3.46    6.94   library recovery time
                                  6.94   data required time
-----------------------------------------------------------------------------
                                  6.94   data required time
                                -18.31   data arrival time
-----------------------------------------------------------------------------
                                -11.36   slack (VIOLATED)


Startpoint: addr[2] (input port clocked by core_clock)
Endpoint: _213902_ (rising clock gating-check end-point clocked by core_clock)
Path Group: gated clock
Path Type: max

Fanout     Cap    Slew   Delay    Time   Description
-----------------------------------------------------------------------------
                  0.00    0.00    0.00   clock core_clock (rise edge)
                          0.00    0.00   clock network delay (ideal)
                          2.08    2.08 ^ input external delay
     8    0.03    0.00    0.00    2.08 ^ addr[2] (in)
                                         addr[2] (net)
                  0.00    0.00    2.08 ^ _144594_/B_N (sg13g2_nor2b_1)
     4    0.01    0.12    0.13    2.21 ^ _144594_/Y (sg13g2_nor2b_1)
                                         _057942_ (net)
                  0.12    0.00    2.21 ^ _144596_/B (sg13g2_nand2_1)
    15    0.06    0.34    0.31    2.52 v _144596_/Y (sg13g2_nand2_1)
                                         _057944_ (net)
                  0.34    0.00    2.52 v _146159_/B (sg13g2_nor2_1)
    30    0.13    1.08    0.92    3.44 ^ _146159_/Y (sg13g2_nor2_1)
                                         _059428_ (net)
                  1.08    0.00    3.45 ^ _213902_/B (sg13g2_and2_1)
                                  3.45   data arrival time

                  0.00   10.40   10.40   clock core_clock (rise edge)
                          0.00   10.40   clock network delay (ideal)
                          0.00   10.40   clock reconvergence pessimism
                                 10.40 ^ _213902_/A (sg13g2_and2_1)
                          0.00   10.40   clock gating setup time
                                 10.40   data required time
-----------------------------------------------------------------------------
                                 10.40   data required time
                                 -3.45   data arrival time
-----------------------------------------------------------------------------
                                  6.95   slack (MET)


Startpoint: mux_I.p22_I.tt_um_I.shapi.blockproc_initBufferReady$_SDFFE_PP0N_
            (rising edge-triggered flip-flop clocked by core_clock)
Endpoint: mux_I.p22_I.tt_um_I.shapi.blockproc.t1.wt.wt_buf[498]$_SDFFE_PN0P_
          (rising edge-triggered flip-flop clocked by core_clock)
Path Group: core_clock
Path Type: max

Fanout     Cap    Slew   Delay    Time   Description
-----------------------------------------------------------------------------
                  0.00    0.00    0.00   clock core_clock (rise edge)
                          0.00    0.00   clock network delay (ideal)
                  0.00    0.00    0.00 ^ mux_I.p22_I.tt_um_I.shapi.blockproc_initBufferReady$_SDFFE_PP0N_/CLK (sg13g2_dfrbp_1)
  1089    3.47   13.88    9.76    9.76 ^ mux_I.p22_I.tt_um_I.shapi.blockproc_initBufferReady$_SDFFE_PP0N_/Q (sg13g2_dfrbp_1)
                                         mux_I.p22_I.tt_um_I.shapi.blockproc_initBufferReady (net)
                 13.88    0.00    9.76 ^ _162873_/A (sg13g2_inv_1)
     3    0.01    1.35    0.93   10.69 v _162873_/Y (sg13g2_inv_1)
                                         _074474_ (net)
                  1.35    0.00   10.69 v _165636_/A1 (sg13g2_a21oi_1)
  1024    3.54   28.64   20.93   31.63 ^ _165636_/Y (sg13g2_a21oi_1)
                                         _077196_ (net)
                 28.64    0.07   31.69 ^ _169899_/A1 (sg13g2_a22oi_1)
     1    0.00    2.48    2.25   33.95 v _169899_/Y (sg13g2_a22oi_1)
                                         _080961_ (net)
                  2.48    0.00   33.95 v mux_I.p22_I.tt_um_I.shapi.blockproc.t1.wt.wt_buf[498]$_SDFFE_PN0P_/D (sg13g2_dfrbp_1)
                                 33.95   data arrival time

                  0.00   10.40   10.40   clock core_clock (rise edge)
                          0.00   10.40   clock network delay (ideal)
                          0.00   10.40   clock reconvergence pessimism
                                 10.40 ^ mux_I.p22_I.tt_um_I.shapi.blockproc.t1.wt.wt_buf[498]$_SDFFE_PN0P_/CLK (sg13g2_dfrbp_1)
                         -0.64    9.76   library setup time
                                  9.76   data required time
-----------------------------------------------------------------------------
                                  9.76   data required time
                                -33.95   data arrival time
-----------------------------------------------------------------------------
                                -24.18   slack (VIOLATED)



==========================================================================
resizer pre report_power
--------------------------------------------------------------------------
Group                  Internal  Switching    Leakage      Total
                          Power      Power      Power      Power (Watts)
----------------------------------------------------------------
Sequential             3.01e-03   2.92e-04   3.56e-06   3.31e-03  67.2%
Combinational          9.28e-04   5.61e-04   5.38e-06   1.50e-03  30.4%
Clock                  1.08e-06   1.17e-04   3.59e-09   1.18e-04   2.4%
Macro                  0.00e+00   0.00e+00   0.00e+00   0.00e+00   0.0%
Pad                    0.00e+00   0.00e+00   0.00e+00   0.00e+00   0.0%
----------------------------------------------------------------
Total                  3.94e-03   9.71e-04   8.95e-06   4.92e-03 100.0%
                          80.1%      19.7%       0.2%
